// Jest Snapshot v1, https://goo.gl/fbAQLP

exports[`AddProject component Should renders correctly 1`] = `
<div>
  <div
    class="projects__add"
  >
    <a
      href="/projects/add"
    >
      <button
        class="ant-btn ant-btn-primary"
        type="button"
      >
        <span
          aria-label="plus"
          class="anticon anticon-plus"
          role="img"
        >
          <svg
            aria-hidden="true"
            class=""
            data-icon="plus"
            fill="currentColor"
            focusable="false"
            height="1em"
            viewBox="64 64 896 896"
            width="1em"
          >
            <defs>
              <style />
            </defs>
            <path
              d="M482 152h60q8 0 8 8v704q0 8-8 8h-60q-8 0-8-8V160q0-8 8-8z"
            />
            <path
              d="M176 474h672q8 0 8 8v60q0 8-8 8H176q-8 0-8-8v-60q0-8 8-8z"
            />
          </svg>
        </span>
        <span>
           Add Project
        </span>
      </button>
    </a>
  </div>
</div>
`;
